Archive member included to satisfy reference by file (symbol)

C:/ST/STM32CubeIDE_1.16.1/STM32CubeIDE/plugins/com.st.stm32cube.ide.mcu.externaltools.gnu-tools-for-stm32.12.3.rel1.win32_1.0.200.202406191623/tools/bin/../lib/gcc/arm-none-eabi/12.3.1/../../../../arm-none-eabi/lib/thumb/v7e-m+fp/hard\libc_nano.a(libc_a-exit.o)
                              C:/ST/STM32CubeIDE_1.16.1/STM32CubeIDE/plugins/com.st.stm32cube.ide.mcu.externaltools.gnu-tools-for-stm32.12.3.rel1.win32_1.0.200.202406191623/tools/bin/../lib/gcc/arm-none-eabi/12.3.1/../../../../arm-none-eabi/lib/thumb/v7e-m+fp/hard/crt0.o (exit)
C:/ST/STM32CubeIDE_1.16.1/STM32CubeIDE/plugins/com.st.stm32cube.ide.mcu.externaltools.gnu-tools-for-stm32.12.3.rel1.win32_1.0.200.202406191623/tools/bin/../lib/gcc/arm-none-eabi/12.3.1/../../../../arm-none-eabi/lib/thumb/v7e-m+fp/hard\libc_nano.a(libc_a-findfp.o)
                              C:/ST/STM32CubeIDE_1.16.1/STM32CubeIDE/plugins/com.st.stm32cube.ide.mcu.externaltools.gnu-tools-for-stm32.12.3.rel1.win32_1.0.200.202406191623/tools/bin/../lib/gcc/arm-none-eabi/12.3.1/../../../../arm-none-eabi/lib/thumb/v7e-m+fp/hard\libc_nano.a(libc_a-exit.o) (__stdio_exit_handler)
C:/ST/STM32CubeIDE_1.16.1/STM32CubeIDE/plugins/com.st.stm32cube.ide.mcu.externaltools.gnu-tools-for-stm32.12.3.rel1.win32_1.0.200.202406191623/tools/bin/../lib/gcc/arm-none-eabi/12.3.1/../../../../arm-none-eabi/lib/thumb/v7e-m+fp/hard\libc_nano.a(libc_a-fwalk.o)
                              C:/ST/STM32CubeIDE_1.16.1/STM32CubeIDE/plugins/com.st.stm32cube.ide.mcu.externaltools.gnu-tools-for-stm32.12.3.rel1.win32_1.0.200.202406191623/tools/bin/../lib/gcc/arm-none-eabi/12.3.1/../../../../arm-none-eabi/lib/thumb/v7e-m+fp/hard\libc_nano.a(libc_a-findfp.o) (_fwalk_sglue)
C:/ST/STM32CubeIDE_1.16.1/STM32CubeIDE/plugins/com.st.stm32cube.ide.mcu.externaltools.gnu-tools-for-stm32.12.3.rel1.win32_1.0.200.202406191623/tools/bin/../lib/gcc/arm-none-eabi/12.3.1/../../../../arm-none-eabi/lib/thumb/v7e-m+fp/hard\libc_nano.a(libc_a-stdio.o)
                              C:/ST/STM32CubeIDE_1.16.1/STM32CubeIDE/plugins/com.st.stm32cube.ide.mcu.externaltools.gnu-tools-for-stm32.12.3.rel1.win32_1.0.200.202406191623/tools/bin/../lib/gcc/arm-none-eabi/12.3.1/../../../../arm-none-eabi/lib/thumb/v7e-m+fp/hard\libc_nano.a(libc_a-findfp.o) (__sread)
C:/ST/STM32CubeIDE_1.16.1/STM32CubeIDE/plugins/com.st.stm32cube.ide.mcu.externaltools.gnu-tools-for-stm32.12.3.rel1.win32_1.0.200.202406191623/tools/bin/../lib/gcc/arm-none-eabi/12.3.1/../../../../arm-none-eabi/lib/thumb/v7e-m+fp/hard\libc_nano.a(libc_a-memset.o)
                              C:/ST/STM32CubeIDE_1.16.1/STM32CubeIDE/plugins/com.st.stm32cube.ide.mcu.externaltools.gnu-tools-for-stm32.12.3.rel1.win32_1.0.200.202406191623/tools/bin/../lib/gcc/arm-none-eabi/12.3.1/../../../../arm-none-eabi/lib/thumb/v7e-m+fp/hard/crt0.o (memset)
C:/ST/STM32CubeIDE_1.16.1/STM32CubeIDE/plugins/com.st.stm32cube.ide.mcu.externaltools.gnu-tools-for-stm32.12.3.rel1.win32_1.0.200.202406191623/tools/bin/../lib/gcc/arm-none-eabi/12.3.1/../../../../arm-none-eabi/lib/thumb/v7e-m+fp/hard\libc_nano.a(libc_a-closer.o)
                              C:/ST/STM32CubeIDE_1.16.1/STM32CubeIDE/plugins/com.st.stm32cube.ide.mcu.externaltools.gnu-tools-for-stm32.12.3.rel1.win32_1.0.200.202406191623/tools/bin/../lib/gcc/arm-none-eabi/12.3.1/../../../../arm-none-eabi/lib/thumb/v7e-m+fp/hard\libc_nano.a(libc_a-stdio.o) (_close_r)
C:/ST/STM32CubeIDE_1.16.1/STM32CubeIDE/plugins/com.st.stm32cube.ide.mcu.externaltools.gnu-tools-for-stm32.12.3.rel1.win32_1.0.200.202406191623/tools/bin/../lib/gcc/arm-none-eabi/12.3.1/../../../../arm-none-eabi/lib/thumb/v7e-m+fp/hard\libc_nano.a(libc_a-reent.o)
                              C:/ST/STM32CubeIDE_1.16.1/STM32CubeIDE/plugins/com.st.stm32cube.ide.mcu.externaltools.gnu-tools-for-stm32.12.3.rel1.win32_1.0.200.202406191623/tools/bin/../lib/gcc/arm-none-eabi/12.3.1/../../../../arm-none-eabi/lib/thumb/v7e-m+fp/hard\libc_nano.a(libc_a-closer.o) (errno)
C:/ST/STM32CubeIDE_1.16.1/STM32CubeIDE/plugins/com.st.stm32cube.ide.mcu.externaltools.gnu-tools-for-stm32.12.3.rel1.win32_1.0.200.202406191623/tools/bin/../lib/gcc/arm-none-eabi/12.3.1/../../../../arm-none-eabi/lib/thumb/v7e-m+fp/hard\libc_nano.a(libc_a-impure.o)
                              C:/ST/STM32CubeIDE_1.16.1/STM32CubeIDE/plugins/com.st.stm32cube.ide.mcu.externaltools.gnu-tools-for-stm32.12.3.rel1.win32_1.0.200.202406191623/tools/bin/../lib/gcc/arm-none-eabi/12.3.1/../../../../arm-none-eabi/lib/thumb/v7e-m+fp/hard\libc_nano.a(libc_a-reent.o) (_impure_ptr)
C:/ST/STM32CubeIDE_1.16.1/STM32CubeIDE/plugins/com.st.stm32cube.ide.mcu.externaltools.gnu-tools-for-stm32.12.3.rel1.win32_1.0.200.202406191623/tools/bin/../lib/gcc/arm-none-eabi/12.3.1/../../../../arm-none-eabi/lib/thumb/v7e-m+fp/hard\libc_nano.a(libc_a-lseekr.o)
[...]
Memory Configuration

Name             Origin             Length             Attributes
CCMRAM           0x10000000         0x00010000         xrw
RAM              0x20000000         0x00020000         xrw
FLASH            0x08000000         0x00100000         xr
*default*        0x00000000         0xffffffff

Linker script and memory map

LOAD C:/ST/STM32CubeIDE_1.16.1/STM32CubeIDE/plugins/com.st.stm32cube.ide.mcu.externaltools.gnu-tools-for-stm32.12.3.rel1.win32_1.0.200.202406191623/tools/bin/../lib/gcc/arm-none-eabi/12.3.1/thumb/v7e-m+fp/hard/crti.o
LOAD C:/ST/STM32CubeIDE_1.16.1/STM32CubeIDE/plugins/com.st.stm32cube.ide.mcu.externaltools.gnu-tools-for-stm32.12.3.rel1.win32_1.0.200.202406191623/tools/bin/../lib/gcc/arm-none-eabi/12.3.1/thumb/v7e-m+fp/hard/crtbegin.o
LOAD C:/ST/STM32CubeIDE_1.16.1/STM32CubeIDE/plugins/com.st.stm32cube.ide.mcu.externaltools.gnu-tools-for-stm32.12.3.rel1.win32_1.0.200.202406191623/tools/bin/../lib/gcc/arm-none-eabi/12.3.1/../../../../arm-none-eabi/lib/thumb/v7e-m+fp/hard/crt0.o
LOAD ./Core/Src/button.o
LOAD ./Core/Src/displayLightTraffic.o
LOAD ./Core/Src/fsmc.o
LOAD ./Core/Src/gpio.o
LOAD ./Core/Src/lcd.o
LOAD ./Core/Src/led_7seg.o
LOAD ./Core/Src/main.o
LOAD ./Core/Src/picture.o
LOAD ./Core/Src/software_timer.o
LOAD ./Core/Src/spi.o
LOAD ./Core/Src/stm32f4xx_hal_msp.o
LOAD ./Core/Src/stm32f4xx_it.o
LOAD ./Core/Src/syscalls.o
LOAD ./Core/Src/sysmem.o
LOAD ./Core/Src/system_stm32f4xx.o
LOAD ./Core/Src/tim.o
LOAD ./Core/Src/trafficLight_fsm.o
LOAD ./Core/Startup/startup_stm32f407zetx.o
LOAD ./Drivers/STM32F4xx_HAL_Driver/Src/stm32f4xx_hal.o
LOAD ./Drivers/STM32F4xx_HAL_Driver/Src/stm32f4xx_hal_cortex.o
LOAD ./Drivers/STM32F4xx_HAL_Driver/Src/stm32f4xx_hal_dma.o
LOAD ./Drivers/STM32F4xx_HAL_Driver/Src/stm32f4xx_hal_dma_ex.o
LOAD ./Drivers/STM32F4xx_HAL_Driver/Src/stm32f4xx_hal_exti.o
LOAD ./Drivers/STM32F4xx_HAL_Driver/Src/stm32f4xx_hal_flash.o
LOAD ./Drivers/STM32F4xx_HAL_Driver/Src/stm32f4xx_hal_flash_ex.o
LOAD ./Drivers/STM32F4xx_HAL_Driver/Src/stm32f4xx_hal_flash_ramfunc.o
LOAD ./Drivers/STM32F4xx_HAL_Driver/Src/stm32f4xx_hal_gpio.o
LOAD ./Drivers/STM32F4xx_HAL_Driver/Src/stm32f4xx_hal_pwr.o
LOAD ./Drivers/STM32F4xx_HAL_Driver/Src/stm32f4xx_hal_pwr_ex.o
LOAD ./Drivers/STM32F4xx_HAL_Driver/Src/stm32f4xx_hal_rcc.o
LOAD ./Drivers/STM32F4xx_HAL_Driver/Src/stm32f4xx_hal_rcc_ex.o
LOAD ./Drivers/STM32F4xx_HAL_Driver/Src/stm32f4xx_hal_spi.o
LOAD ./Drivers/STM32F4xx_HAL_Driver/Src/stm32f4xx_hal_sram.o
LOAD ./Drivers/STM32F4xx_HAL_Driver/Src/stm32f4xx_hal_tim.o
LOAD ./Drivers/STM32F4xx_HAL_Driver/Src/stm32f4xx_hal_tim_ex.o
LOAD ./Drivers/STM32F4xx_HAL_Driver/Src/stm32f4xx_ll_fsmc.o
START GROUP
LOAD C:/ST/STM32CubeIDE_1.16.1/STM32CubeIDE/plugins/com.st.stm32cube.ide.mcu.externaltools.gnu-tools-for-stm32.12.3.rel1.win32_1.0.200.202406191623/tools/bin/../lib/gcc/arm-none-eabi/12.3.1/../../../../arm-none-eabi/lib/thumb/v7e-m+fp/hard\libc_nano.a
LOAD C:/ST/STM32CubeIDE_1.16.1/STM32CubeIDE/plugins/com.st.stm32cube.ide.mcu.externaltools.gnu-tools-for-stm32.12.3.rel1.win32_1.0.200.202406191623/tools/bin/../lib/gcc/arm-none-eabi/12.3.1/../../../../arm-none-eabi/lib/thumb/v7e-m+fp/hard\libm.a
END GROUP
START GROUP
LOAD C:/ST/STM32CubeIDE_1.16.1/STM32CubeIDE/plugins/com.st.stm32cube.ide.mcu.externaltools.gnu-tools-for-stm32.12.3.rel1.win32_1.0.200.202406191623/tools/bin/../lib/gcc/arm-none-eabi/12.3.1/thumb/v7e-m+fp/hard\libgcc.a
LOAD C:/ST/STM32CubeIDE_1.16.1/STM32CubeIDE/plugins/com.st.stm32cube.ide.mcu.externaltools.gnu-tools-for-stm32.12.3.rel1.win32_1.0.200.202406191623/tools/bin/../lib/gcc/arm-none-eabi/12.3.1/../../../../arm-none-eabi/lib/thumb/v7e-m+fp/hard\libc_nano.a
END GROUP
START GROUP
LOAD C:/ST/STM32CubeIDE_1.16.1/STM32CubeIDE/plugins/com.st.stm32cube.ide.mcu.externaltools.gnu-tools-for-stm32.12.3.rel1.win32_1.0.200.202406191623/tools/bin/../lib/gcc/arm-none-eabi/12.3.1/thumb/v7e-m+fp/hard\libgcc.a
LOAD C:/ST/STM32CubeIDE_1.16.1/STM32CubeIDE/plugins/com.st.stm32cube.ide.mcu.externaltools.gnu-tools-for-stm32.12.3.rel1.win32_1.0.200.202406191623/tools/bin/../lib/gcc/arm-none-eabi/12.3.1/../../../../arm-none-eabi/lib/thumb/v7e-m+fp/hard\libc_nano.a
LOAD C:/ST/STM32CubeIDE_1.16.1/STM32CubeIDE/plugins/com.st.stm32cube.ide.mcu.externaltools.gnu-tools-for-stm32.12.3.rel1.win32_1.0.200.202406191623/tools/bin/../lib/gcc/arm-none-eabi/12.3.1/../../../../arm-none-eabi/lib/thumb/v7e-m+fp/hard\libnosys.a
END GROUP
START GROUP
LOAD C:/ST/STM32CubeIDE_1.16.1/STM32CubeIDE/plugins/com.st.stm32cube.ide.mcu.externaltools.gnu-tools-for-stm32.12.3.rel1.win32_1.0.200.202406191623/tools/bin/../lib/gcc/arm-none-eabi/12.3.1/thumb/v7e-m+fp/hard\libgcc.a
LOAD C:/ST/STM32CubeIDE_1.16.1/STM32CubeIDE/plugins/com.st.stm32cube.ide.mcu.externaltools.gnu-tools-for-stm32.12.3.rel1.win32_1.0.200.202406191623/tools/bin/../lib/gcc/arm-none-eabi/12.3.1/../../../../arm-none-eabi/lib/thumb/v7e-m+fp/hard\libc_nano.a
LOAD C:/ST/STM32CubeIDE_1.16.1/STM32CubeIDE/plugins/com.st.stm32cube.ide.mcu.externaltools.gnu-tools-for-stm32.12.3.rel1.win32_1.0.200.202406191623/tools/bin/../lib/gcc/arm-none-eabi/12.3.1/../../../../arm-none-eabi/lib/thumb/v7e-m+fp/hard\libnosys.a
END GROUP
LOAD C:/ST/STM32CubeIDE_1.16.1/STM32CubeIDE/plugins/com.st.stm32cube.ide.mcu.externaltools.gnu-tools-for-stm32.12.3.rel1.win32_1.0.200.202406191623/tools/bin/../lib/gcc/arm-none-eabi/12.3.1/thumb/v7e-m+fp/hard/crtend.o
LOAD C:/ST/STM32CubeIDE_1.16.1/STM32CubeIDE/plugins/com.st.stm32cube.ide.mcu.externaltools.gnu-tools-for-stm32.12.3.rel1.win32_1.0.200.202406191623/tools/bin/../lib/gcc/arm-none-eabi/12.3.1/thumb/v7e-m+fp/hard/crtn.o
                0x20020000                        _estack = (ORIGIN (RAM) + LENGTH (RAM))
                0x00000200                        _Min_Heap_Size = 0x200
                0x00000400                        _Min_Stack_Size = 0x400

.isr_vector     0x08000000      0x188
                0x08000000                        . = ALIGN (0x4)
 *(.isr_vector)
 .isr_vector    0x08000000      0x188 ./Core/Startup/startup_stm32f407zetx.o
                0x08000000                g_pfnVectors
                0x08000188                        . = ALIGN (0x4)

.text           0x08000188     0x4954
                0x08000188                        . = ALIGN (0x4)
 *(.text)
 .text          0x08000188       0x40 C:/ST/STM32CubeIDE_1.16.1/STM32CubeIDE/plugins/com.st.stm32cube.ide.mcu.externaltools.gnu-tools-for-stm32.12.3.rel1.win32_1.0.200.202406191623/tools/bin/../lib/gcc/arm-none-eabi/12.3.1/thumb/v7e-m+fp/hard/crtbegin.o
 .text          0x080001c8       0x30 C:/ST/STM32CubeIDE_1.16.1/STM32CubeIDE/plugins/com.st.stm32cube.ide.mcu.externaltools.gnu-tools-for-stm32.12.3.rel1.win32_1.0.200.202406191623/tools/bin/../lib/gcc/arm-none-eabi/12.3.1/thumb/v7e-m+fp/hard\libgcc.a(_aeabi_uldivmod.o)
                0x080001c8                __aeabi_uldivmod
 .text          0x080001f8      0x2bc C:/ST/STM32CubeIDE_1.16.1/STM32CubeIDE/plugins/com.st.stm32cube.ide.mcu.externaltools.gnu-tools-for-stm32.12.3.rel1.win32_1.0.200.202406191623/tools/bin/../lib/gcc/arm-none-eabi/12.3.1/thumb/v7e-m+fp/hard\libgcc.a(_udivmoddi4.o)
                0x080001f8                __udivmoddi4
 .text          0x080004b4        0x4 C:/ST/STM32CubeIDE_1.16.1/STM32CubeIDE/plugins/com.st.stm32cube.ide.mcu.externaltools.gnu-tools-for-stm32.12.3.rel1.win32_1.0.200.202406191623/tools/bin/../lib/gcc/arm-none-eabi/12.3.1/thumb/v7e-m+fp/hard\libgcc.a(_dvmd_tls.o)
                0x080004b4                __aeabi_idiv0
                0x080004b4                __aeabi_ldiv0
 *(.text*)
 .text.button_init
                0x080004b8       0x18 ./Core/Src/button.o
                0x080004b8                button_init
 .text.button_Scan
                0x080004d0       0xd8 ./Core/Src/button.o
                0x080004d0                button_Scan
 .text.drawAllGray
                0x080005a8       0xba ./Core/Src/displayLightTraffic.o
                0x080005a8                drawAllGray
 .text.drawRedGreen
                0x08000662       0xba ./Core/Src/displayLightTraffic.o
                0x08000662                drawRedGreen
 .text.drawRedYellow
                0x0800071c       0xba ./Core/Src/displayLightTraffic.o
                0x0800071c                drawRedYellow
 .text.drawGreenRed
                0x080007d6       0xba ./Core/Src/displayLightTraffic.o
                0x080007d6                drawGreenRed
 .text.drawYellowRed
                0x08000890       0xba ./Core/Src/displayLightTraffic.o
                0x08000890                drawYellowRed
 *fill*         0x0800094a        0x2 
 .text.drawRedGreenToggle
                0x0800094c       0x30 ./Core/Src/displayLightTraffic.o
                0x0800094c                drawRedGreenToggle
 .text.drawYellowRedToggle
                0x0800097c       0x30 ./Core/Src/displayLightTraffic.o
                0x0800097c                drawYellowRedToggle
 .text.drawGreenRedToggle
                0x080009ac       0x30 ./Core/Src/displayLightTraffic.o
                0x080009ac                drawGreenRedToggle
 .text.MX_FSMC_Init
                0x080009dc       0xf4 ./Core/Src/fsmc.o
                0x080009dc                MX_FSMC_Init
 .text.HAL_FSMC_MspInit
                0x08000ad0       0x98 ./Core/Src/fsmc.o
 .text.HAL_SRAM_MspInit
                0x08000b68       0x14 ./Core/Src/fsmc.o
                0x08000b68                HAL_SRAM_MspInit
 .text.MX_GPIO_Init
                0x08000b7c      0x1f0 ./Core/Src/gpio.o
                0x08000b7c                MX_GPIO_Init
 .text.LCD_WR_REG
                0x08000d6c       0x20 ./Core/Src/lcd.o
                0x08000d6c                LCD_WR_REG
 .text.LCD_WR_DATA
                0x08000d8c       0x20 ./Core/Src/lcd.o
 .text.LCD_RD_DATA
                0x08000dac       0x24 ./Core/Src/lcd.o
 .text.lcd_AddressSet
                0x08000dd0       0x98 ./Core/Src/lcd.o
                0x08000dd0                lcd_AddressSet
 .text.lcd_Clear
                0x08000e68       0x64 ./Core/Src/lcd.o
                0x08000e68                lcd_Clear
 .text.lcd_DrawPoint
                0x08000ecc       0x2e ./Core/Src/lcd.o
                0x08000ecc                lcd_DrawPoint
 *fill*         0x08000efa        0x2 
 .text.lcd_ShowChar
                0x08000efc      0x1a0 ./Core/Src/lcd.o
                0x08000efc                lcd_ShowChar
 .text.mypow    0x0800109c       0x38 ./Core/Src/lcd.o
                0x0800109c                mypow
 .text.lcd_ShowIntNum
                0x080010d4       0xfc ./Core/Src/lcd.o
                0x080010d4                lcd_ShowIntNum
 .text.lcd_SetDir
                0x080011d0       0x48 ./Core/Src/lcd.o
                0x080011d0                lcd_SetDir
 .text.lcd_init
                0x08001218      0x2c0 ./Core/Src/lcd.o
                0x08001218                lcd_init
 .text._draw_circle_8
                0x080014d8      0x116 ./Core/Src/lcd.o
 .text.lcd_DrawCircle
                0x080015ee       0xd8 ./Core/Src/lcd.o
                0x080015ee                lcd_DrawCircle
 *fill*         0x080016c6        0x2 
 .text.led7_init
                0x080016c8       0x18 ./Core/Src/led_7seg.o
                0x080016c8                led7_init
 .text.led7_Scan
                0x080016e0      0x118 ./Core/Src/led_7seg.o
                0x080016e0                led7_Scan
 .text.main     0x080017f8       0x50 ./Core/Src/main.o
                0x080017f8                main
 .text.SystemClock_Config
                0x08001848       0xd4 ./Core/Src/main.o
                0x08001848                SystemClock_Config
 .text.system_init
                0x0800191c       0x40 ./Core/Src/main.o
                0x0800191c                system_init
 .text.test_button
                0x0800195c       0x50 ./Core/Src/main.o
                0x0800195c                test_button
 .text.test_lcd
                0x080019ac       0x78 ./Core/Src/main.o
                0x080019ac                test_lcd
 .text.Error_Handler
                0x08001a24        0xc ./Core/Src/main.o
                0x08001a24                Error_Handler
 .text.timer_init
                0x08001a30       0x14 ./Core/Src/software_timer.o
                0x08001a30                timer_init
 .text.setTimer2
                0x08001a44       0x38 ./Core/Src/software_timer.o
                0x08001a44                setTimer2
 .text.setTimer3
                0x08001a7c       0x38 ./Core/Src/software_timer.o
                0x08001a7c                setTimer3
 .text.setTimer4
                0x08001ab4       0x38 ./Core/Src/software_timer.o
                0x08001ab4                setTimer4
 .text.HAL_TIM_PeriodElapsedCallback
                0x08001aec       0xc0 ./Core/Src/software_timer.o
                0x08001aec                HAL_TIM_PeriodElapsedCallback
 .text.MX_SPI1_Init
                0x08001bac       0x6c ./Core/Src/spi.o
                0x08001bac                MX_SPI1_Init
 .text.HAL_SPI_MspInit
                0x08001c18       0x90 ./Core/Src/spi.o
                0x08001c18                HAL_SPI_MspInit
 .text.HAL_MspInit
                0x08001ca8       0x50 ./Core/Src/stm32f4xx_hal_msp.o
                0x08001ca8                HAL_MspInit
 .text.NMI_Handler
                0x08001cf8        0x8 ./Core/Src/stm32f4xx_it.o
                0x08001cf8                NMI_Handler
 .text.HardFault_Handler
                0x08001d00        0x8 ./Core/Src/stm32f4xx_it.o
                0x08001d00                HardFault_Handler
 .text.MemManage_Handler
                0x08001d08        0x8 ./Core/Src/stm32f4xx_it.o
                0x08001d08                MemManage_Handler
 .text.BusFault_Handler
                0x08001d10        0x8 ./Core/Src/stm32f4xx_it.o
                0x08001d10                BusFault_Handler
 .text.UsageFault_Handler
                0x08001d18        0x8 ./Core/Src/stm32f4xx_it.o
                0x08001d18                UsageFault_Handler
 .text.SVC_Handler
                0x08001d20        0xe ./Core/Src/stm32f4xx_it.o
                0x08001d20                SVC_Handler
 .text.DebugMon_Handler
                0x08001d2e        0xe ./Core/Src/stm32f4xx_it.o
                0x08001d2e                DebugMon_Handler
 .text.PendSV_Handler
                0x08001d3c        0xe ./Core/Src/stm32f4xx_it.o
                0x08001d3c                PendSV_Handler
 .text.SysTick_Handler
                0x08001d4a        0xc ./Core/Src/stm32f4xx_it.o
                0x08001d4a                SysTick_Handler
 *fill*         0x08001d56        0x2 
 .text.TIM2_IRQHandler
                0x08001d58       0x14 ./Core/Src/stm32f4xx_it.o
                0x08001d58                TIM2_IRQHandler
 .text.SystemInit
                0x08001d6c       0x24 ./Core/Src/system_stm32f4xx.o
                0x08001d6c                SystemInit
 .text.MX_TIM2_Init
                0x08001d90       0x98 ./Core/Src/tim.o
                0x08001d90                MX_TIM2_Init
 .text.HAL_TIM_Base_MspInit
                0x08001e28       0x4c ./Core/Src/tim.o
                0x08001e28                HAL_TIM_Base_MspInit
 .text.traffic_light_fsm
                0x08001e74      0x5a4 ./Core/Src/trafficLight_fsm.o
                0x08001e74                traffic_light_fsm
 .text.Reset_Handler
                0x08002418       0x50 ./Core/Startup/startup_stm32f407zetx.o
                0x08002418                Reset_Handler
 .text.Default_Handler
                0x08002468        0x2 ./Core/Startup/startup_stm32f407zetx.o
                0x08002468                RTC_Alarm_IRQHandler
                0x08002468                HASH_RNG_IRQHandler
                0x08002468                EXTI2_IRQHandler
                0x08002468                TIM8_CC_IRQHandler
                0x08002468                TIM1_CC_IRQHandler
                0x08002468                DMA2_Stream5_IRQHandler
                0x08002468                DMA1_Stream5_IRQHandler
                0x08002468                PVD_IRQHandler
                0x08002468                SDIO_IRQHandler
                0x08002468                TAMP_STAMP_IRQHandler
                0x08002468                CAN2_RX1_IRQHandler
                0x08002468                EXTI3_IRQHandler
                0x08002468                TIM8_TRG_COM_TIM14_IRQHandler
                0x08002468                TIM1_UP_TIM10_IRQHandler
                0x08002468                TIM8_UP_TIM13_IRQHandler
                0x08002468                I2C3_ER_IRQHandler
                0x08002468                EXTI0_IRQHandler
                0x08002468                I2C2_EV_IRQHandler
                0x08002468                DMA1_Stream2_IRQHandler
                0x08002468                CAN1_RX0_IRQHandler
                0x08002468                FPU_IRQHandler
                0x08002468                OTG_HS_WKUP_IRQHandler
                0x08002468                CAN2_SCE_IRQHandler
                0x08002468                DMA2_Stream2_IRQHandler
                0x08002468                SPI1_IRQHandler
                0x08002468                TIM6_DAC_IRQHandler
                0x08002468                TIM1_BRK_TIM9_IRQHandler
                0x08002468                DCMI_IRQHandler
                0x08002468                CAN2_RX0_IRQHandler
                0x08002468                DMA2_Stream3_IRQHandler
                0x08002468                USART6_IRQHandler
                0x08002468                USART3_IRQHandler
                0x08002468                CAN1_RX1_IRQHandler
                0x08002468                UART5_IRQHandler
                0x08002468                DMA2_Stream0_IRQHandler
                0x08002468                TIM4_IRQHandler
                0x08002468                I2C1_EV_IRQHandler
                0x08002468                DMA1_Stream6_IRQHandler
                0x08002468                DMA1_Stream1_IRQHandler
                0x08002468                UART4_IRQHandler
                0x08002468                TIM3_IRQHandler
                0x08002468                RCC_IRQHandler
                0x08002468                TIM8_BRK_TIM12_IRQHandler
                0x08002468                Default_Handler
                0x08002468                EXTI15_10_IRQHandler
                0x08002468                ADC_IRQHandler
                0x08002468                DMA1_Stream7_IRQHandler
                0x08002468                TIM7_IRQHandler
                0x08002468                CAN2_TX_IRQHandler
                0x08002468                TIM5_IRQHandler
                0x08002468                DMA2_Stream7_IRQHandler
                0x08002468                I2C3_EV_IRQHandler
                0x08002468                EXTI9_5_IRQHandler
                0x08002468                RTC_WKUP_IRQHandler
                0x08002468                ETH_WKUP_IRQHandler
                0x08002468                SPI2_IRQHandler
                0x08002468                OTG_HS_EP1_IN_IRQHandler
                0x08002468                DMA1_Stream0_IRQHandler
                0x08002468                CAN1_TX_IRQHandler
                0x08002468                EXTI4_IRQHandler
                0x08002468                FSMC_IRQHandler
                0x08002468                ETH_IRQHandler
                0x08002468                OTG_HS_EP1_OUT_IRQHandler
                0x08002468                WWDG_IRQHandler
                0x08002468                OTG_FS_WKUP_IRQHandler
                0x08002468                TIM1_TRG_COM_TIM11_IRQHandler
                0x08002468                OTG_HS_IRQHandler
                0x08002468                EXTI1_IRQHandler
                0x08002468                USART2_IRQHandler
                0x08002468                I2C2_ER_IRQHandler
                0x08002468                DMA2_Stream1_IRQHandler
                0x08002468                CAN1_SCE_IRQHandler
                0x08002468                FLASH_IRQHandler
                0x08002468                DMA2_Stream4_IRQHandler
                0x08002468                USART1_IRQHandler
                0x08002468                OTG_FS_IRQHandler
                0x08002468                SPI3_IRQHandler
                0x08002468                DMA1_Stream4_IRQHandler
                0x08002468                I2C1_ER_IRQHandler
                0x08002468                DMA2_Stream6_IRQHandler
                0x08002468                DMA1_Stream3_IRQHandler
 *fill*         0x0800246a        0x2 
 .text.HAL_Init
                0x0800246c       0x44 ./Drivers/STM32F4xx_HAL_Driver/Src/stm32f4xx_hal.o
                0x0800246c                HAL_Init
 .text.HAL_InitTick
                0x080024b0       0x60 ./Drivers/STM32F4xx_HAL_Driver/Src/stm32f4xx_hal.o
                0x080024b0                HAL_InitTick
 .text.HAL_IncTick
                0x08002510       0x28 ./Drivers/STM32F4xx_HAL_Driver/Src/stm32f4xx_hal.o
                0x08002510                HAL_IncTick
 .text.HAL_GetTick
                0x08002538       0x18 ./Drivers/STM32F4xx_HAL_Driver/Src/stm32f4xx_hal.o
                0x08002538                HAL_GetTick
 .text.HAL_Delay
                0x08002550       0x48 ./Drivers/STM32F4xx_HAL_Driver/Src/stm32f4xx_hal.o
                0x08002550                HAL_Delay
 .text.__NVIC_SetPriorityGrouping
                0x08002598       0x48 ./Drivers/STM32F4xx_HAL_Driver/Src/stm32f4xx_hal_cortex.o
 .text.__NVIC_GetPriorityGrouping
                0x080025e0       0x1c ./Drivers/STM32F4xx_HAL_Driver/Src/stm32f4xx_hal_cortex.o
 .text.__NVIC_EnableIRQ
                0x080025fc       0x3c ./Drivers/STM32F4xx_HAL_Driver/Src/stm32f4xx_hal_cortex.o
 .text.__NVIC_SetPriority
                0x08002638       0x54 ./Drivers/STM32F4xx_HAL_Driver/Src/stm32f4xx_hal_cortex.o
 .text.NVIC_EncodePriority
                0x0800268c       0x66 ./Drivers/STM32F4xx_HAL_Driver/Src/stm32f4xx_hal_cortex.o
 *fill*         0x080026f2        0x2 
 .text.SysTick_Config
                0x080026f4       0x44 ./Drivers/STM32F4xx_HAL_Driver/Src/stm32f4xx_hal_cortex.o
 .text.HAL_NVIC_SetPriorityGrouping
                0x08002738       0x16 ./Drivers/STM32F4xx_HAL_Driver/Src/stm32f4xx_hal_cortex.o
                0x08002738                HAL_NVIC_SetPriorityGrouping
 .text.HAL_NVIC_SetPriority
                0x0800274e       0x38 ./Drivers/STM32F4xx_HAL_Driver/Src/stm32f4xx_hal_cortex.o
                0x0800274e                HAL_NVIC_SetPriority
 .text.HAL_NVIC_EnableIRQ
                0x08002786       0x1c ./Drivers/STM32F4xx_HAL_Driver/Src/stm32f4xx_hal_cortex.o
                0x08002786                HAL_NVIC_EnableIRQ
 .text.HAL_SYSTICK_Config
                0x080027a2       0x18 ./Drivers/STM32F4xx_HAL_Driver/Src/stm32f4xx_hal_cortex.o
                0x080027a2                HAL_SYSTICK_Config
 *fill*         0x080027ba        0x2 
 .text.HAL_GPIO_Init
                0x080027bc      0x338 ./Drivers/STM32F4xx_HAL_Driver/Src/stm32f4xx_hal_gpio.o
                0x080027bc                HAL_GPIO_Init
 .text.HAL_GPIO_WritePin
                0x08002af4       0x32 ./Drivers/STM32F4xx_HAL_Driver/Src/stm32f4xx_hal_gpio.o
                0x08002af4                HAL_GPIO_WritePin
 *fill*         0x08002b26        0x2 
 .text.HAL_RCC_OscConfig
                0x08002b28      0x4f0 ./Drivers/STM32F4xx_HAL_Driver/Src/stm32f4xx_hal_rcc.o
                0x08002b28                HAL_RCC_OscConfig
 .text.HAL_RCC_ClockConfig
                0x08003018      0x1cc ./Drivers/STM32F4xx_HAL_Driver/Src/stm32f4xx_hal_rcc.o
                0x08003018                HAL_RCC_ClockConfig
 .text.HAL_RCC_GetSysClockFreq
                0x080031e4      0x20c ./Drivers/STM32F4xx_HAL_Driver/Src/stm32f4xx_hal_rcc.o
                0x080031e4                HAL_RCC_GetSysClockFreq
 .text.HAL_SPI_Init
                0x080033f0      0x112 ./Drivers/STM32F4xx_HAL_Driver/Src/stm32f4xx_hal_spi.o
                0x080033f0                HAL_SPI_Init
 .text.HAL_SPI_Transmit
                0x08003502      0x278 ./Drivers/STM32F4xx_HAL_Driver/Src/stm32f4xx_hal_spi.o
                0x08003502                HAL_SPI_Transmit
 .text.HAL_SPI_Receive
                0x0800377a      0x222 ./Drivers/STM32F4xx_HAL_Driver/Src/stm32f4xx_hal_spi.o
                0x0800377a                HAL_SPI_Receive
 .text.HAL_SPI_TransmitReceive
                0x0800399c      0x344 ./Drivers/STM32F4xx_HAL_Driver/Src/stm32f4xx_hal_spi.o
                0x0800399c                HAL_SPI_TransmitReceive
 .text.SPI_WaitFlagStateUntilTimeout
                0x08003ce0      0x110 ./Drivers/STM32F4xx_HAL_Driver/Src/stm32f4xx_hal_spi.o
 .text.SPI_EndRxTransaction
                0x08003df0       0xca ./Drivers/STM32F4xx_HAL_Driver/Src/stm32f4xx_hal_spi.o
 *fill*         0x08003eba        0x2 
 .text.SPI_EndRxTxTransaction
                0x08003ebc       0x84 ./Drivers/STM32F4xx_HAL_Driver/Src/stm32f4xx_hal_spi.o
 .text.HAL_SRAM_Init
                0x08003f40       0x88 ./Drivers/STM32F4xx_HAL_Driver/Src/stm32f4xx_hal_sram.o
                0x08003f40                HAL_SRAM_Init
 .text.HAL_TIM_Base_Init
                0x08003fc8       0x9e ./Drivers/STM32F4xx_HAL_Driver/Src/stm32f4xx_hal_tim.o
                0x08003fc8                HAL_TIM_Base_Init
 *fill*         0x08004066        0x2 
 .text.HAL_TIM_Base_Start_IT
                0x08004068       0xe0 ./Drivers/STM32F4xx_HAL_Driver/Src/stm32f4xx_hal_tim.o
                0x08004068                HAL_TIM_Base_Start_IT
 .text.HAL_TIM_IRQHandler
                0x08004148      0x210 ./Drivers/STM32F4xx_HAL_Driver/Src/stm32f4xx_hal_tim.o
                0x08004148                HAL_TIM_IRQHandler
 .text.HAL_TIM_ConfigClockSource
                0x08004358      0x18e ./Drivers/STM32F4xx_HAL_Driver/Src/stm32f4xx_hal_tim.o
                0x08004358                HAL_TIM_ConfigClockSource
 .text.HAL_TIM_OC_DelayElapsedCallback
                0x080044e6       0x14 ./Drivers/STM32F4xx_HAL_Driver/Src/stm32f4xx_hal_tim.o
                0x080044e6                HAL_TIM_OC_DelayElapsedCallback
 .text.HAL_TIM_IC_CaptureCallback
                0x080044fa       0x14 ./Drivers/STM32F4xx_HAL_Driver/Src/stm32f4xx_hal_tim.o
                0x080044fa                HAL_TIM_IC_CaptureCallback
 .text.HAL_TIM_PWM_PulseFinishedCallback
                0x0800450e       0x14 ./Drivers/STM32F4xx_HAL_Driver/Src/stm32f4xx_hal_tim.o
                0x0800450e                HAL_TIM_PWM_PulseFinishedCallback
 .text.HAL_TIM_TriggerCallback
                0x08004522       0x14 ./Drivers/STM32F4xx_HAL_Driver/Src/stm32f4xx_hal_tim.o
                0x08004522                HAL_TIM_TriggerCallback
 *fill*         0x08004536        0x2 
 .text.TIM_Base_SetConfig
                0x08004538      0x140 ./Drivers/STM32F4xx_HAL_Driver/Src/stm32f4xx_hal_tim.o
                0x08004538                TIM_Base_SetConfig
 .text.TIM_TI1_ConfigInputStage
                0x08004678       0x5e ./Drivers/STM32F4xx_HAL_Driver/Src/stm32f4xx_hal_tim.o
 .text.TIM_TI2_ConfigInputStage
                0x080046d6       0x60 ./Drivers/STM32F4xx_HAL_Driver/Src/stm32f4xx_hal_tim.o
 .text.TIM_ITRx_SetConfig
                0x08004736       0x36 ./Drivers/STM32F4xx_HAL_Driver/Src/stm32f4xx_hal_tim.o
 .text.TIM_ETR_SetConfig
                0x0800476c       0x40 ./Drivers/STM32F4xx_HAL_Driver/Src/stm32f4xx_hal_tim.o
                0x0800476c                TIM_ETR_SetConfig
 .text.HAL_TIMEx_MasterConfigSynchronization
                0x080047ac       0xf8 ./Drivers/STM32F4xx_HAL_Driver/Src/stm32f4xx_hal_tim_ex.o
                0x080047ac                HAL_TIMEx_MasterConfigSynchronization
 .text.HAL_TIMEx_CommutCallback
                0x080048a4       0x14 ./Drivers/STM32F4xx_HAL_Driver/Src/stm32f4xx_hal_tim_ex.o
                0x080048a4                HAL_TIMEx_CommutCallback
 .text.HAL_TIMEx_BreakCallback
                0x080048b8       0x14 ./Drivers/STM32F4xx_HAL_Driver/Src/stm32f4xx_hal_tim_ex.o
                0x080048b8                HAL_TIMEx_BreakCallback
 .text.FSMC_NORSRAM_Init
                0x080048cc       0xa4 ./Drivers/STM32F4xx_HAL_Driver/Src/stm32f4xx_ll_fsmc.o
                0x080048cc                FSMC_NORSRAM_Init
 .text.FSMC_NORSRAM_Timing_Init
                0x08004970       0x7a ./Drivers/STM32F4xx_HAL_Driver/Src/stm32f4xx_ll_fsmc.o
                0x08004970                FSMC_NORSRAM_Timing_Init
 *fill*         0x080049ea        0x2 
 .text.FSMC_NORSRAM_Extended_Timing_Init
                0x080049ec       0x80 ./Drivers/STM32F4xx_HAL_Driver/Src/stm32f4xx_ll_fsmc.o
                0x080049ec                FSMC_NORSRAM_Extended_Timing_Init
 .text.memset   0x08004a6c       0x10 C:/ST/STM32CubeIDE_1.16.1/STM32CubeIDE/plugins/com.st.stm32cube.ide.mcu.externaltools.gnu-tools-for-stm32.12.3.rel1.win32_1.0.200.202406191623/tools/bin/../lib/gcc/arm-none-eabi/12.3.1/../../../../arm-none-eabi/lib/thumb/v7e-m+fp/hard\libc_nano.a(libc_a-memset.o)
                0x08004a6c                memset
 .text.__libc_init_array
                0x08004a7c       0x48 C:/ST/STM32CubeIDE_1.16.1/STM32CubeIDE/plugins/com.st.stm32cube.ide.mcu.externaltools.gnu-tools-for-stm32.12.3.rel1.win32_1.0.200.202406191623/tools/bin/../lib/gcc/arm-none-eabi/12.3.1/../../../../arm-none-eabi/lib/thumb/v7e-m+fp/hard\libc_nano.a(libc_a-init.o)
                0x08004a7c                __libc_init_array
 *(.glue_7)
 .glue_7        0x08004ac4        0x0 linker stubs
 *(.glue_7t)
 .glue_7t       0x08004ac4        0x0 linker stubs
 *(.eh_frame)
 .eh_frame      0x08004ac4        0x0 C:/ST/STM32CubeIDE_1.16.1/STM32CubeIDE/plugins/com.st.stm32cube.ide.mcu.externaltools.gnu-tools-for-stm32.12.3.rel1.win32_1.0.200.202406191623/tools/bin/../lib/gcc/arm-none-eabi/12.3.1/thumb/v7e-m+fp/hard/crtbegin.o
 *(.init)
 .init          0x08004ac4        0x4 C:/ST/STM32CubeIDE_1.16.1/STM32CubeIDE/plugins/com.st.stm32cube.ide.mcu.externaltools.gnu-tools-for-stm32.12.3.rel1.win32_1.0.200.202406191623/tools/bin/../lib/gcc/arm-none-eabi/12.3.1/thumb/v7e-m+fp/hard/crti.o
                0x08004ac4                _init
 .init          0x08004ac8        0x8 C:/ST/STM32CubeIDE_1.16.1/STM32CubeIDE/plugins/com.st.stm32cube.ide.mcu.externaltools.gnu-tools-for-stm32.12.3.rel1.win32_1.0.200.202406191623/tools/bin/../lib/gcc/arm-none-eabi/12.3.1/thumb/v7e-m+fp/hard/crtn.o
 *(.fini)
 .fini          0x08004ad0        0x4 C:/ST/STM32CubeIDE_1.16.1/STM32CubeIDE/plugins/com.st.stm32cube.ide.mcu.externaltools.gnu-tools-for-stm32.12.3.rel1.win32_1.0.200.202406191623/tools/bin/../lib/gcc/arm-none-eabi/12.3.1/thumb/v7e-m+fp/hard/crti.o
                0x08004ad0                _fini
 .fini          0x08004ad4        0x8 C:/ST/STM32CubeIDE_1.16.1/STM32CubeIDE/plugins/com.st.stm32cube.ide.mcu.externaltools.gnu-tools-for-stm32.12.3.rel1.win32_1.0.200.202406191623/tools/bin/../lib/gcc/arm-none-eabi/12.3.1/thumb/v7e-m+fp/hard/crtn.o
                0x08004adc                        . = ALIGN (0x4)
                0x08004adc                        _etext = .

.vfp11_veneer   0x08004adc        0x0
 .vfp11_veneer  0x08004adc        0x0 linker stubs

.v4_bx          0x08004adc        0x0
 .v4_bx         0x08004adc        0x0 linker stubs

.iplt           0x08004adc        0x0
 .iplt          0x08004adc        0x0 C:/ST/STM32CubeIDE_1.16.1/STM32CubeIDE/plugins/com.st.stm32cube.ide.mcu.externaltools.gnu-tools-for-stm32.12.3.rel1.win32_1.0.200.202406191623/tools/bin/../lib/gcc/arm-none-eabi/12.3.1/thumb/v7e-m+fp/hard/crtbegin.o

.rodata         0x08004adc     0x2f90
                0x08004adc                        . = ALIGN (0x4)
 *(.rodata)
 *(.rodata*)
 .rodata.ascii_1608
                0x08004adc      0x5f0 ./Core/Src/lcd.o
                0x08004adc                ascii_1608
 .rodata.ascii_2412
                0x080050cc     0x11d0 ./Core/Src/lcd.o
                0x080050cc                ascii_2412
 .rodata.ascii_3216
                0x0800629c     0x17c0 ./Core/Src/lcd.o
                0x0800629c                ascii_3216
 .rodata.AHBPrescTable
                0x08007a5c       0x10 ./Core/Src/system_stm32f4xx.o
                0x08007a5c                AHBPrescTable
                0x08007a6c                        . = ALIGN (0x4)

.ARM.extab      0x08007a6c        0x0
                0x08007a6c                        . = ALIGN (0x4)
 *(.ARM.extab* .gnu.linkonce.armextab.*)
                0x08007a6c                        . = ALIGN (0x4)

.ARM            0x08007a6c        0x8
                0x08007a6c                        . = ALIGN (0x4)
                0x08007a6c                        __exidx_start = .
 *(.ARM.exidx*)
 .ARM.exidx     0x08007a6c        0x8 C:/ST/STM32CubeIDE_1.16.1/STM32CubeIDE/plugins/com.st.stm32cube.ide.mcu.externaltools.gnu-tools-for-stm32.12.3.rel1.win32_1.0.200.202406191623/tools/bin/../lib/gcc/arm-none-eabi/12.3.1/thumb/v7e-m+fp/hard\libgcc.a(_udivmoddi4.o)
                0x08007a74                        __exidx_end = .
                0x08007a74                        . = ALIGN (0x4)

.rel.dyn        0x08007a74        0x0
 .rel.iplt      0x08007a74        0x0 C:/ST/STM32CubeIDE_1.16.1/STM32CubeIDE/plugins/com.st.stm32cube.ide.mcu.externaltools.gnu-tools-for-stm32.12.3.rel1.win32_1.0.200.202406191623/tools/bin/../lib/gcc/arm-none-eabi/12.3.1/thumb/v7e-m+fp/hard/crtbegin.o

.preinit_array  0x08007a74        0x0
                0x08007a74                        . = ALIGN (0x4)
                0x08007a74                        PROVIDE (__preinit_array_start = .)
 *(.preinit_array*)
                0x08007a74                        PROVIDE (__preinit_array_end = .)
                0x08007a74                        . = ALIGN (0x4)

.init_array     0x08007a74        0x4
                0x08007a74                        . = ALIGN (0x4)
                0x08007a74                        PROVIDE (__init_array_start = .)
 *(SORT_BY_NAME(.init_array.*))
 *(.init_array*)
 .init_array    0x08007a74        0x4 C:/ST/STM32CubeIDE_1.16.1/STM32CubeIDE/plugins/com.st.stm32cube.ide.mcu.externaltools.gnu-tools-for-stm32.12.3.rel1.win32_1.0.200.202406191623/tools/bin/../lib/gcc/arm-none-eabi/12.3.1/thumb/v7e-m+fp/hard/crtbegin.o
                0x08007a78                        PROVIDE (__init_array_end = .)
                0x08007a78                        . = ALIGN (0x4)

.fini_array     0x08007a78        0x4
                0x08007a78                        . = ALIGN (0x4)
                [!provide]                        PROVIDE (__fini_array_start = .)
 *(SORT_BY_NAME(.fini_array.*))
 *(.fini_array*)
 .fini_array    0x08007a78        0x4 C:/ST/STM32CubeIDE_1.16.1/STM32CubeIDE/plugins/com.st.stm32cube.ide.mcu.externaltools.gnu-tools-for-stm32.12.3.rel1.win32_1.0.200.202406191623/tools/bin/../lib/gcc/arm-none-eabi/12.3.1/thumb/v7e-m+fp/hard/crtbegin.o
                [!provide]                        PROVIDE (__fini_array_end = .)
                0x08007a7c                        . = ALIGN (0x4)
                0x08007a7c                        _sidata = LOADADDR (.data)

.data           0x20000000       0x30 load address 0x08007a7c
                0x20000000                        . = ALIGN (0x4)
                0x20000000                        _sdata = .
 *(.data)
 *(.data*)
 .data.led7seg  0x20000000        0x4 ./Core/Src/led_7seg.o
                0x20000000                led7seg
 .data.spi_buffer
                0x20000004        0x2 ./Core/Src/led_7seg.o
                0x20000004                spi_buffer
 *fill*         0x20000006        0x2 
 .data.SystemCoreClock
                0x20000008        0x4 ./Core/Src/system_stm32f4xx.o
                0x20000008                SystemCoreClock
 .data.lightTime1
                0x2000000c        0xc ./Core/Src/trafficLight_fsm.o
                0x2000000c                lightTime1
 .data.lightTime2
                0x20000018        0xc ./Core/Src/trafficLight_fsm.o
                0x20000018                lightTime2
 .data.lightState
                0x20000024        0x1 ./Core/Src/trafficLight_fsm.o
                0x20000024                lightState
 *fill*         0x20000025        0x3 
 .data.uwTickPrio
                0x20000028        0x4 ./Drivers/STM32F4xx_HAL_Driver/Src/stm32f4xx_hal.o
                0x20000028                uwTickPrio
 .data.uwTickFreq
                0x2000002c        0x1 ./Drivers/STM32F4xx_HAL_Driver/Src/stm32f4xx_hal.o
                0x2000002c                uwTickFreq
 *(.RamFunc)
 *(.RamFunc*)
                0x20000030                        . = ALIGN (0x4)
 *fill*         0x2000002d        0x3 
                0x20000030                        _edata = .
                0x08007aac                        _siccmram = LOADADDR (.ccmram)

.igot.plt       0x20000030        0x0 load address 0x08007aac
 .igot.plt      0x20000030        0x0 C:/ST/STM32CubeIDE_1.16.1/STM32CubeIDE/plugins/com.st.stm32cube.ide.mcu.externaltools.gnu-tools-for-stm32.12.3.rel1.win32_1.0.200.202406191623/tools/bin/../lib/gcc/arm-none-eabi/12.3.1/thumb/v7e-m+fp/hard/crtbegin.o

.ccmram         0x10000000        0x0 load address 0x08007aac
                0x10000000                        . = ALIGN (0x4)
                0x10000000                        _sccmram = .
 *(.ccmram)
 *(.ccmram*)
                0x10000000                        . = ALIGN (0x4)
                0x10000000                        _eccmram = .
                0x10000000                        . = ALIGN (0x4)

.bss            0x20000030      0x164
                0x20000030                        _sbss = .
                0x20000030                        __bss_start__ = _sbss
 *(.bss)
 .bss           0x20000030       0x1c C:/ST/STM32CubeIDE_1.16.1/STM32CubeIDE/plugins/com.st.stm32cube.ide.mcu.externaltools.gnu-tools-for-stm32.12.3.rel1.win32_1.0.200.202406191623/tools/bin/../lib/gcc/arm-none-eabi/12.3.1/thumb/v7e-m+fp/hard/crtbegin.o
 *(.bss*)
 .bss.button_count
                0x2000004c       0x20 ./Core/Src/button.o
                0x2000004c                button_count
 .bss.spi_button
                0x2000006c        0x2 ./Core/Src/button.o
                0x2000006c                spi_button
 *fill*         0x2000006e        0x2 
 .bss.toggleVar
                0x20000070        0x4 ./Core/Src/displayLightTraffic.o
                0x20000070                toggleVar
 .bss.hsram1    0x20000074       0x50 ./Core/Src/fsmc.o
                0x20000074                hsram1
 .bss.FSMC_Initialized
                0x200000c4        0x4 ./Core/Src/fsmc.o
 .bss.lcddev    0x200000c8        0x6 ./Core/Src/lcd.o
                0x200000c8                lcddev
 .bss.led7_index
                0x200000ce        0x2 ./Core/Src/led_7seg.o
                0x200000ce                led7_index
 .bss.flag_timer2
                0x200000d0        0x2 ./Core/Src/software_timer.o
                0x200000d0                flag_timer2
 .bss.timer2_counter
                0x200000d2        0x2 ./Core/Src/software_timer.o
                0x200000d2                timer2_counter
 .bss.timer2_MUL
                0x200000d4        0x2 ./Core/Src/software_timer.o
                0x200000d4                timer2_MUL
 .bss.flag_timer3
                0x200000d6        0x2 ./Core/Src/software_timer.o
                0x200000d6                flag_timer3
 .bss.timer3_counter
                0x200000d8        0x2 ./Core/Src/software_timer.o
                0x200000d8                timer3_counter
 .bss.timer3_MUL
                0x200000da        0x2 ./Core/Src/software_timer.o
                0x200000da                timer3_MUL
 .bss.flag_timer4
                0x200000dc        0x2 ./Core/Src/software_timer.o
                0x200000dc                flag_timer4
 .bss.timer4_counter
                0x200000de        0x2 ./Core/Src/software_timer.o
                0x200000de                timer4_counter
 .bss.timer4_MUL
                0x200000e0        0x2 ./Core/Src/software_timer.o
                0x200000e0                timer4_MUL
 *fill*         0x200000e2        0x2 
 .bss.hspi1     0x200000e4       0x58 ./Core/Src/spi.o
                0x200000e4                hspi1
 .bss.htim2     0x2000013c       0x48 ./Core/Src/tim.o
                0x2000013c                htim2
 .bss.displayLightTime1
                0x20000184        0x4 ./Core/Src/trafficLight_fsm.o
                0x20000184                displayLightTime1
 .bss.displayLightTime2
                0x20000188        0x4 ./Core/Src/trafficLight_fsm.o
                0x20000188                displayLightTime2
 .bss.systemState
                0x2000018c        0x1 ./Core/Src/trafficLight_fsm.o
                0x2000018c                systemState
 *fill*         0x2000018d        0x3 
 .bss.uwTick    0x20000190        0x4 ./Drivers/STM32F4xx_HAL_Driver/Src/stm32f4xx_hal.o
                0x20000190                uwTick
 *(COMMON)
                0x20000194                        . = ALIGN (0x4)
                0x20000194                        _ebss = .
                0x20000194                        __bss_end__ = _ebss

._user_heap_stack
                0x20000194      0x604
                0x20000198                        . = ALIGN (0x8)
 *fill*         0x20000194        0x4 
                [!provide]                        PROVIDE (end = .)
                0x20000198                        PROVIDE (_end = .)
                0x20000398                        . = (. + _Min_Heap_Size)
 *fill*         0x20000198      0x200 
                0x20000798                        . = (. + _Min_Stack_Size)
 *fill*         0x20000398      0x400 
                0x20000798                        . = ALIGN (0x8)

/DISCARD/
 libc.a(*)
 libm.a(*)
 libgcc.a(*)

.ARM.attributes
                0x00000000       0x30
 *(.ARM.attributes)
 .ARM.attributes
                0x00000000       0x22 C:/ST/STM32CubeIDE_1.16.1/STM32CubeIDE/plugins/com.st.stm32cube.ide.mcu.externaltools.gnu-tools-for-stm32.12.3.rel1.win32_1.0.200.202406191623/tools/bin/../lib/gcc/arm-none-eabi/12.3.1/thumb/v7e-m+fp/hard/crti.o
 .ARM.attributes
                0x00000022       0x34 C:/ST/STM32CubeIDE_1.16.1/STM32CubeIDE/plugins/com.st.stm32cube.ide.mcu.externaltools.gnu-tools-for-stm32.12.3.rel1.win32_1.0.200.202406191623/tools/bin/../lib/gcc/arm-none-eabi/12.3.1/thumb/v7e-m+fp/hard/crtbegin.o
 .ARM.attributes
                0x00000056       0x34 ./Core/Src/button.o
 .ARM.attributes
                0x0000008a       0x34 ./Core/Src/displayLightTraffic.o
 .ARM.attributes
                0x000000be       0x34 ./Core/Src/fsmc.o
 .ARM.attributes
                0x000000f2       0x34 ./Core/Src/gpio.o
 .ARM.attributes
                0x00000126       0x34 ./Core/Src/lcd.o
 .ARM.attributes
                0x0000015a       0x34 ./Core/Src/led_7seg.o
 .ARM.attributes
                0x0000018e       0x34 ./Core/Src/main.o
 .ARM.attributes
                0x000001c2       0x34 ./Core/Src/software_timer.o
 .ARM.attributes
                0x000001f6       0x34 ./Core/Src/spi.o
 .ARM.attributes
                0x0000022a       0x34 ./Core/Src/stm32f4xx_hal_msp.o
 .ARM.attributes
                0x0000025e       0x34 ./Core/Src/stm32f4xx_it.o
 .ARM.attributes
                0x00000292       0x34 ./Core/Src/system_stm32f4xx.o
 .ARM.attributes
                0x000002c6       0x34 ./Core/Src/tim.o
 .ARM.attributes
                0x000002fa       0x34 ./Core/Src/trafficLight_fsm.o
 .ARM.attributes
                0x0000032e       0x21 ./Core/Startup/startup_stm32f407zetx.o
 .ARM.attributes
                0x0000034f       0x34 ./Drivers/STM32F4xx_HAL_Driver/Src/stm32f4xx_hal.o
 .ARM.attributes
                0x00000383       0x34 ./Drivers/STM32F4xx_HAL_Driver/Src/stm32f4xx_hal_cortex.o
 .ARM.attributes
                0x000003b7       0x34 ./Drivers/STM32F4xx_HAL_Driver/Src/stm32f4xx_hal_gpio.o
 .ARM.attributes
                0x000003eb       0x34 ./Drivers/STM32F4xx_HAL_Driver/Src/stm32f4xx_hal_rcc.o
 .ARM.attributes
                0x0000041f       0x34 ./Drivers/STM32F4xx_HAL_Driver/Src/stm32f4xx_hal_spi.o
 .ARM.attributes
                0x00000453       0x34 ./Drivers/STM32F4xx_HAL_Driver/Src/stm32f4xx_hal_sram.o
 .ARM.attributes
                0x00000487       0x34 ./Drivers/STM32F4xx_HAL_Driver/Src/stm32f4xx_hal_tim.o
 .ARM.attributes
                0x000004bb       0x34 ./Drivers/STM32F4xx_HAL_Driver/Src/stm32f4xx_hal_tim_ex.o
 .ARM.attributes
                0x000004ef       0x34 ./Drivers/STM32F4xx_HAL_Driver/Src/stm32f4xx_ll_fsmc.o
 .ARM.attributes
                0x00000523       0x34 C:/ST/STM32CubeIDE_1.16.1/STM32CubeIDE/plugins/com.st.stm32cube.ide.mcu.externaltools.gnu-tools-for-stm32.12.3.rel1.win32_1.0.200.202406191623/tools/bin/../lib/gcc/arm-none-eabi/12.3.1/../../../../arm-none-eabi/lib/thumb/v7e-m+fp/hard\libc_nano.a(libc_a-memset.o)
 .ARM.attributes
                0x00000557       0x34 C:/ST/STM32CubeIDE_1.16.1/STM32CubeIDE/plugins/com.st.stm32cube.ide.mcu.externaltools.gnu-tools-for-stm32.12.3.rel1.win32_1.0.200.202406191623/tools/bin/../lib/gcc/arm-none-eabi/12.3.1/../../../../arm-none-eabi/lib/thumb/v7e-m+fp/hard\libc_nano.a(libc_a-init.o)
 .ARM.attributes
                0x0000058b       0x22 C:/ST/STM32CubeIDE_1.16.1/STM32CubeIDE/plugins/com.st.stm32cube.ide.mcu.externaltools.gnu-tools-for-stm32.12.3.rel1.win32_1.0.200.202406191623/tools/bin/../lib/gcc/arm-none-eabi/12.3.1/thumb/v7e-m+fp/hard\libgcc.a(_aeabi_uldivmod.o)
 .ARM.attributes
                0x000005ad       0x34 C:/ST/STM32CubeIDE_1.16.1/STM32CubeIDE/plugins/com.st.stm32cube.ide.mcu.externaltools.gnu-tools-for-stm32.12.3.rel1.win32_1.0.200.202406191623/tools/bin/../lib/gcc/arm-none-eabi/12.3.1/thumb/v7e-m+fp/hard\libgcc.a(_udivmoddi4.o)
 .ARM.attributes
                0x000005e1       0x22 C:/ST/STM32CubeIDE_1.16.1/STM32CubeIDE/plugins/com.st.stm32cube.ide.mcu.externaltools.gnu-tools-for-stm32.12.3.rel1.win32_1.0.200.202406191623/tools/bin/../lib/gcc/arm-none-eabi/12.3.1/thumb/v7e-m+fp/hard\libgcc.a(_dvmd_tls.o)
 .ARM.attributes
                0x00000603       0x22 C:/ST/STM32CubeIDE_1.16.1/STM32CubeIDE/plugins/com.st.stm32cube.ide.mcu.externaltools.gnu-tools-for-stm32.12.3.rel1.win32_1.0.200.202406191623/tools/bin/../lib/gcc/arm-none-eabi/12.3.1/thumb/v7e-m+fp/hard/crtn.o
OUTPUT(Bai3_Lcd_button.elf elf32-littlearm)
LOAD linker stubs
LOAD C:/ST/STM32CubeIDE_1.16.1/STM32CubeIDE/plugins/com.st.stm32cube.ide.mcu.externaltools.gnu-tools-for-stm32.12.3.rel1.win32_1.0.200.202406191623/tools/bin/../lib/gcc/arm-none-eabi/12.3.1/../../../../arm-none-eabi/lib/thumb/v7e-m+fp/hard\libc.a
LOAD C:/ST/STM32CubeIDE_1.16.1/STM32CubeIDE/plugins/com.st.stm32cube.ide.mcu.externaltools.gnu-tools-for-stm32.12.3.rel1.win32_1.0.200.202406191623/tools/bin/../lib/gcc/arm-none-eabi/12.3.1/../../../../arm-none-eabi/lib/thumb/v7e-m+fp/hard\libm.a
LOAD C:/ST/STM32CubeIDE_1.16.1/STM32CubeIDE/plugins/com.st.stm32cube.ide.mcu.externaltools.gnu-tools-for-stm32.12.3.rel1.win32_1.0.200.202406191623/tools/bin/../lib/gcc/arm-none-eabi/12.3.1/thumb/v7e-m+fp/hard\libgcc.a

.debug_info     0x00000000     0xf228
 .debug_info    0x00000000      0x76e ./Core/Src/button.o
 .debug_info    0x0000076e      0x2a1 ./Core/Src/displayLightTraffic.o
 .debug_info    0x00000a0f      0x99a ./Core/Src/fsmc.o
 .debug_info    0x000013a9      0x45d ./Core/Src/gpio.o
 .debug_info    0x00001806      0xd9a ./Core/Src/lcd.o
 .debug_info    0x000025a0      0x803 ./Core/Src/led_7seg.o
 .debug_info    0x00002da3      0x787 ./Core/Src/main.o
 .debug_info    0x0000352a      0x7db ./Core/Src/software_timer.o
 .debug_info    0x00003d05      0x943 ./Core/Src/spi.o
 .debug_info    0x00004648      0x269 ./Core/Src/stm32f4xx_hal_msp.o
 .debug_info    0x000048b1      0x6e1 ./Core/Src/stm32f4xx_it.o
 .debug_info    0x00004f92      0x512 ./Core/Src/system_stm32f4xx.o
 .debug_info    0x000054a4      0xbf9 ./Core/Src/tim.o
 .debug_info    0x0000609d      0x29d ./Core/Src/trafficLight_fsm.o
 .debug_info    0x0000633a       0x30 ./Core/Startup/startup_stm32f407zetx.o
 .debug_info    0x0000636a      0x948 ./Drivers/STM32F4xx_HAL_Driver/Src/stm32f4xx_hal.o
 .debug_info    0x00006cb2      0xd46 ./Drivers/STM32F4xx_HAL_Driver/Src/stm32f4xx_hal_cortex.o
 .debug_info    0x000079f8      0x6c3 ./Drivers/STM32F4xx_HAL_Driver/Src/stm32f4xx_hal_gpio.o
 .debug_info    0x000080bb      0x8b1 ./Drivers/STM32F4xx_HAL_Driver/Src/stm32f4xx_hal_rcc.o
 .debug_info    0x0000896c     0x15fb ./Drivers/STM32F4xx_HAL_Driver/Src/stm32f4xx_hal_spi.o
 .debug_info    0x00009f67      0xb3e ./Drivers/STM32F4xx_HAL_Driver/Src/stm32f4xx_hal_sram.o
 .debug_info    0x0000aaa5     0x2949 ./Drivers/STM32F4xx_HAL_Driver/Src/stm32f4xx_hal_tim.o
 .debug_info    0x0000d3ee     0x14ae ./Drivers/STM32F4xx_HAL_Driver/Src/stm32f4xx_hal_tim_ex.o
 .debug_info    0x0000e89c      0x98c ./Drivers/STM32F4xx_HAL_Driver/Src/stm32f4xx_ll_fsmc.o

.debug_abbrev   0x00000000     0x2cbc
 .debug_abbrev  0x00000000      0x1dd ./Core/Src/button.o
 .debug_abbrev  0x000001dd       0xc3 ./Core/Src/displayLightTraffic.o
 .debug_abbrev  0x000002a0      0x215 ./Core/Src/fsmc.o
 .debug_abbrev  0x000004b5      0x152 ./Core/Src/gpio.o
 .debug_abbrev  0x00000607      0x341 ./Core/Src/lcd.o
 .debug_abbrev  0x00000948      0x1cc ./Core/Src/led_7seg.o
 .debug_abbrev  0x00000b14      0x275 ./Core/Src/main.o
 .debug_abbrev  0x00000d89      0x1ea ./Core/Src/software_timer.o
 .debug_abbrev  0x00000f73      0x1f3 ./Core/Src/spi.o
 .debug_abbrev  0x00001166       0xd8 ./Core/Src/stm32f4xx_hal_msp.o
 .debug_abbrev  0x0000123e      0x192 ./Core/Src/stm32f4xx_it.o
 .debug_abbrev  0x000013d0      0x11a ./Core/Src/system_stm32f4xx.o
 .debug_abbrev  0x000014ea      0x1f0 ./Core/Src/tim.o
 .debug_abbrev  0x000016da       0xd9 ./Core/Src/trafficLight_fsm.o
 .debug_abbrev  0x000017b3       0x24 ./Core/Startup/startup_stm32f407zetx.o
 .debug_abbrev  0x000017d7      0x213 ./Drivers/STM32F4xx_HAL_Driver/Src/stm32f4xx_hal.o
 .debug_abbrev  0x000019ea      0x327 ./Drivers/STM32F4xx_HAL_Driver/Src/stm32f4xx_hal_cortex.o
 .debug_abbrev  0x00001d11      0x1d4 ./Drivers/STM32F4xx_HAL_Driver/Src/stm32f4xx_hal_gpio.o
 .debug_abbrev  0x00001ee5      0x2b6 ./Drivers/STM32F4xx_HAL_Driver/Src/stm32f4xx_hal_rcc.o
 .debug_abbrev  0x0000219b      0x284 ./Drivers/STM32F4xx_HAL_Driver/Src/stm32f4xx_hal_spi.o
 .debug_abbrev  0x0000241f      0x208 ./Drivers/STM32F4xx_HAL_Driver/Src/stm32f4xx_hal_sram.o
 .debug_abbrev  0x00002627      0x271 ./Drivers/STM32F4xx_HAL_Driver/Src/stm32f4xx_hal_tim.o
 .debug_abbrev  0x00002898      0x27c ./Drivers/STM32F4xx_HAL_Driver/Src/stm32f4xx_hal_tim_ex.o
 .debug_abbrev  0x00002b14      0x1a8 ./Drivers/STM32F4xx_HAL_Driver/Src/stm32f4xx_ll_fsmc.o

.debug_aranges  0x00000000      0xf38
 .debug_aranges
                0x00000000       0x28 ./Core/Src/button.o
 .debug_aranges
                0x00000028       0x58 ./Core/Src/displayLightTraffic.o
 .debug_aranges
                0x00000080       0x40 ./Core/Src/fsmc.o
 .debug_aranges
                0x000000c0       0x20 ./Core/Src/gpio.o
 .debug_aranges
                0x000000e0       0xd8 ./Core/Src/lcd.o
 .debug_aranges
                0x000001b8       0x48 ./Core/Src/led_7seg.o
 .debug_aranges
                0x00000200       0x68 ./Core/Src/main.o
 .debug_aranges
                0x00000268       0x40 ./Core/Src/software_timer.o
 .debug_aranges
                0x000002a8       0x30 ./Core/Src/spi.o
 .debug_aranges
                0x000002d8       0x20 ./Core/Src/stm32f4xx_hal_msp.o
 .debug_aranges
                0x000002f8       0x68 ./Core/Src/stm32f4xx_it.o
 .debug_aranges
                0x00000360       0x28 ./Core/Src/system_stm32f4xx.o
 .debug_aranges
                0x00000388       0x30 ./Core/Src/tim.o
 .debug_aranges
                0x000003b8       0x20 ./Core/Src/trafficLight_fsm.o
 .debug_aranges
                0x000003d8       0x28 ./Core/Startup/startup_stm32f407zetx.o
 .debug_aranges
                0x00000400       0xf0 ./Drivers/STM32F4xx_HAL_Driver/Src/stm32f4xx_hal.o
 .debug_aranges
                0x000004f0      0x118 ./Drivers/STM32F4xx_HAL_Driver/Src/stm32f4xx_hal_cortex.o
 .debug_aranges
                0x00000608       0x58 ./Drivers/STM32F4xx_HAL_Driver/Src/stm32f4xx_hal_gpio.o
 .debug_aranges
                0x00000660       0x88 ./Drivers/STM32F4xx_HAL_Driver/Src/stm32f4xx_hal_rcc.o
 .debug_aranges
                0x000006e8      0x1d0 ./Drivers/STM32F4xx_HAL_Driver/Src/stm32f4xx_hal_spi.o
 .debug_aranges
                0x000008b8       0xa0 ./Drivers/STM32F4xx_HAL_Driver/Src/stm32f4xx_hal_sram.o
 .debug_aranges
                0x00000958      0x3d0 ./Drivers/STM32F4xx_HAL_Driver/Src/stm32f4xx_hal_tim.o
 .debug_aranges
                0x00000d28      0x168 ./Drivers/STM32F4xx_HAL_Driver/Src/stm32f4xx_hal_tim_ex.o
 .debug_aranges
                0x00000e90       0xa8 ./Drivers/STM32F4xx_HAL_Driver/Src/stm32f4xx_ll_fsmc.o

.debug_rnglists
                0x00000000      0xb93
 .debug_rnglists
                0x00000000       0x1a ./Core/Src/button.o
 .debug_rnglists
                0x0000001a       0x42 ./Core/Src/displayLightTraffic.o
 .debug_rnglists
                0x0000005c       0x2d ./Core/Src/fsmc.o
 .debug_rnglists
                0x00000089       0x14 ./Core/Src/gpio.o
 .debug_rnglists
                0x0000009d       0xa8 ./Core/Src/lcd.o
 .debug_rnglists
                0x00000145       0x32 ./Core/Src/led_7seg.o
 .debug_rnglists
                0x00000177       0x4a ./Core/Src/main.o
 .debug_rnglists
                0x000001c1       0x2c ./Core/Src/software_timer.o
 .debug_rnglists
                0x000001ed       0x20 ./Core/Src/spi.o
 .debug_rnglists
                0x0000020d       0x13 ./Core/Src/stm32f4xx_hal_msp.o
 .debug_rnglists
                0x00000220       0x49 ./Core/Src/stm32f4xx_it.o
 .debug_rnglists
                0x00000269       0x1a ./Core/Src/system_stm32f4xx.o
 .debug_rnglists
                0x00000283       0x20 ./Core/Src/tim.o
 .debug_rnglists
                0x000002a3       0x14 ./Core/Src/trafficLight_fsm.o
 .debug_rnglists
                0x000002b7       0x19 ./Core/Startup/startup_stm32f407zetx.o
 .debug_rnglists
                0x000002d0       0xaf ./Drivers/STM32F4xx_HAL_Driver/Src/stm32f4xx_hal.o
 .debug_rnglists
                0x0000037f       0xce ./Drivers/STM32F4xx_HAL_Driver/Src/stm32f4xx_hal_cortex.o
 .debug_rnglists
                0x0000044d       0x3f ./Drivers/STM32F4xx_HAL_Driver/Src/stm32f4xx_hal_gpio.o
 .debug_rnglists
                0x0000048c       0x66 ./Drivers/STM32F4xx_HAL_Driver/Src/stm32f4xx_hal_rcc.o
 .debug_rnglists
                0x000004f2      0x16f ./Drivers/STM32F4xx_HAL_Driver/Src/stm32f4xx_hal_spi.o
 .debug_rnglists
                0x00000661       0x76 ./Drivers/STM32F4xx_HAL_Driver/Src/stm32f4xx_hal_sram.o
 .debug_rnglists
                0x000006d7      0x31a ./Drivers/STM32F4xx_HAL_Driver/Src/stm32f4xx_hal_tim.o
 .debug_rnglists
                0x000009f1      0x125 ./Drivers/STM32F4xx_HAL_Driver/Src/stm32f4xx_hal_tim_ex.o
 .debug_rnglists
                0x00000b16       0x7d ./Drivers/STM32F4xx_HAL_Driver/Src/stm32f4xx_ll_fsmc.o

.debug_macro    0x00000000    0x22c8f
 .debug_macro   0x00000000      0x216 ./Core/Src/button.o
 .debug_macro   0x00000216      0xab4 ./Core/Src/button.o
 .debug_macro   0x00000cca      0x2a1 ./Core/Src/button.o
 .debug_macro   0x00000f6b       0x2e ./Core/Src/button.o
 .debug_macro   0x00000f99       0x2f ./Core/Src/button.o
 .debug_macro   0x00000fc8       0x22 ./Core/Src/button.o
 .debug_macro   0x00000fea       0x8e ./Core/Src/button.o
 .debug_macro   0x00001078       0x51 ./Core/Src/button.o
 .debug_macro   0x000010c9      0x103 ./Core/Src/button.o
 .debug_macro   0x000011cc       0x6a ./Core/Src/button.o
 .debug_macro   0x00001236      0x1df ./Core/Src/button.o
 .debug_macro   0x00001415       0x1c ./Core/Src/button.o
 .debug_macro   0x00001431       0x22 ./Core/Src/button.o
 .debug_macro   0x00001453       0xd9 ./Core/Src/button.o
 .debug_macro   0x0000152c     0x102d ./Core/Src/button.o
 .debug_macro   0x00002559      0x11f ./Core/Src/button.o
 .debug_macro   0x00002678    0x15e58 ./Core/Src/button.o
 .debug_macro   0x000184d0       0x6d ./Core/Src/button.o
 .debug_macro   0x0001853d     0x3666 ./Core/Src/button.o
 .debug_macro   0x0001bba3      0x189 ./Core/Src/button.o
 .debug_macro   0x0001bd2c       0x5c ./Core/Src/button.o
 .debug_macro   0x0001bd88      0x96b ./Core/Src/button.o
 .debug_macro   0x0001c6f3      0x9fe ./Core/Src/button.o
 .debug_macro   0x0001d0f1      0x116 ./Core/Src/button.o
 .debug_macro   0x0001d207      0x13e ./Core/Src/button.o
 .debug_macro   0x0001d345       0xa5 ./Core/Src/button.o
 .debug_macro   0x0001d3ea      0x174 ./Core/Src/button.o
 .debug_macro   0x0001d55e      0x287 ./Core/Src/button.o
 .debug_macro   0x0001d7e5       0x5f ./Core/Src/button.o
 .debug_macro   0x0001d844      0x236 ./Core/Src/button.o
 .debug_macro   0x0001da7a      0x12c ./Core/Src/button.o
 .debug_macro   0x0001dba6      0x21e ./Core/Src/button.o
 .debug_macro   0x0001ddc4       0x2e ./Core/Src/button.o
 .debug_macro   0x0001ddf2      0x543 ./Core/Src/button.o
 .debug_macro   0x0001e335      0x11a ./Core/Src/button.o
 .debug_macro   0x0001e44f       0x7e ./Core/Src/button.o
 .debug_macro   0x0001e4cd       0x89 ./Core/Src/button.o
 .debug_macro   0x0001e556      0x225 ./Core/Src/button.o
 .debug_macro   0x0001e77b      0x8d1 ./Core/Src/button.o
 .debug_macro   0x0001f04c       0x47 ./Core/Src/button.o
 .debug_macro   0x0001f093      0x12d ./Core/Src/button.o
 .debug_macro   0x0001f1c0       0x88 ./Core/Src/button.o
 .debug_macro   0x0001f248      0x335 ./Core/Src/displayLightTraffic.o
 .debug_macro   0x0001f57d       0x2a ./Core/Src/displayLightTraffic.o
 .debug_macro   0x0001f5a7       0x61 ./Core/Src/displayLightTraffic.o
 .debug_macro   0x0001f608       0x43 ./Core/Src/displayLightTraffic.o
 .debug_macro   0x0001f64b       0x34 ./Core/Src/displayLightTraffic.o
 .debug_macro   0x0001f67f       0x16 ./Core/Src/displayLightTraffic.o
 .debug_macro   0x0001f695       0x35 ./Core/Src/displayLightTraffic.o
 .debug_macro   0x0001f6ca       0x16 ./Core/Src/displayLightTraffic.o
 .debug_macro   0x0001f6e0       0x43 ./Core/Src/displayLightTraffic.o
 .debug_macro   0x0001f723       0x34 ./Core/Src/displayLightTraffic.o
 .debug_macro   0x0001f757       0x10 ./Core/Src/displayLightTraffic.o
 .debug_macro   0x0001f767       0x58 ./Core/Src/displayLightTraffic.o
 .debug_macro   0x0001f7bf       0x8e ./Core/Src/displayLightTraffic.o
 .debug_macro   0x0001f84d       0x1c ./Core/Src/displayLightTraffic.o
 .debug_macro   0x0001f869      0x177 ./Core/Src/displayLightTraffic.o
 .debug_macro   0x0001f9e0      0x369 ./Core/Src/displayLightTraffic.o
 .debug_macro   0x0001fd49       0x16 ./Core/Src/displayLightTraffic.o
 .debug_macro   0x0001fd5f       0x29 ./Core/Src/displayLightTraffic.o
 .debug_macro   0x0001fd88       0x16 ./Core/Src/displayLightTraffic.o
 .debug_macro   0x0001fd9e       0x20 ./Core/Src/displayLightTraffic.o
 .debug_macro   0x0001fdbe       0xca ./Core/Src/displayLightTraffic.o
 .debug_macro   0x0001fe88      0x202 ./Core/Src/fsmc.o
 .debug_macro   0x0002008a      0x202 ./Core/Src/gpio.o
 .debug_macro   0x0002028c      0x317 ./Core/Src/lcd.o
 .debug_macro   0x000205a3      0x20c ./Core/Src/led_7seg.o
 .debug_macro   0x000207af      0x391 ./Core/Src/main.o
 .debug_macro   0x00020b40      0x236 ./Core/Src/software_timer.o
 .debug_macro   0x00020d76      0x202 ./Core/Src/spi.o
 .debug_macro   0x00020f78      0x1f8 ./Core/Src/stm32f4xx_hal_msp.o
 .debug_macro   0x00021170      0x202 ./Core/Src/stm32f4xx_it.o
 .debug_macro   0x00021372      0x1e9 ./Core/Src/system_stm32f4xx.o
 .debug_macro   0x0002155b      0x202 ./Core/Src/tim.o
 .debug_macro   0x0002175d      0x367 ./Core/Src/trafficLight_fsm.o
 .debug_macro   0x00021ac4      0x249 ./Drivers/STM32F4xx_HAL_Driver/Src/stm32f4xx_hal.o
 .debug_macro   0x00021d0d      0x1e9 ./Drivers/STM32F4xx_HAL_Driver/Src/stm32f4xx_hal_cortex.o
 .debug_macro   0x00021ef6      0x1ef ./Drivers/STM32F4xx_HAL_Driver/Src/stm32f4xx_hal_gpio.o
 .debug_macro   0x000220e5      0x20d ./Drivers/STM32F4xx_HAL_Driver/Src/stm32f4xx_hal_rcc.o
 .debug_macro   0x000222f2      0x1f8 ./Drivers/STM32F4xx_HAL_Driver/Src/stm32f4xx_hal_spi.o
 .debug_macro   0x000224ea      0x1e9 ./Drivers/STM32F4xx_HAL_Driver/Src/stm32f4xx_hal_sram.o
 .debug_macro   0x000226d3      0x1ea ./Drivers/STM32F4xx_HAL_Driver/Src/stm32f4xx_hal_tim.o
 .debug_macro   0x000228bd      0x1e9 ./Drivers/STM32F4xx_HAL_Driver/Src/stm32f4xx_hal_tim_ex.o
 .debug_macro   0x00022aa6      0x1e9 ./Drivers/STM32F4xx_HAL_Driver/Src/stm32f4xx_ll_fsmc.o

.debug_line     0x00000000    0x13c09
 .debug_line    0x00000000      0x808 ./Core/Src/button.o
 .debug_line    0x00000808      0xa40 ./Core/Src/displayLightTraffic.o
 .debug_line    0x00001248      0x87d ./Core/Src/fsmc.o
 .debug_line    0x00001ac5      0x7db ./Core/Src/gpio.o
 .debug_line    0x000022a0     0x1018 ./Core/Src/lcd.o
 .debug_line    0x000032b8      0x878 ./Core/Src/led_7seg.o
 .debug_line    0x00003b30      0xb2d ./Core/Src/main.o
 .debug_line    0x0000465d      0x860 ./Core/Src/software_timer.o
 .debug_line    0x00004ebd      0x7ee ./Core/Src/spi.o
 .debug_line    0x000056ab      0x77d ./Core/Src/stm32f4xx_hal_msp.o
 .debug_line    0x00005e28      0x857 ./Core/Src/stm32f4xx_it.o
 .debug_line    0x0000667f      0x801 ./Core/Src/system_stm32f4xx.o
 .debug_line    0x00006e80      0x7ea ./Core/Src/tim.o
 .debug_line    0x0000766a      0xca2 ./Core/Src/trafficLight_fsm.o
 .debug_line    0x0000830c       0x7a ./Core/Startup/startup_stm32f407zetx.o
 .debug_line    0x00008386      0xa6a ./Drivers/STM32F4xx_HAL_Driver/Src/stm32f4xx_hal.o
 .debug_line    0x00008df0      0xd17 ./Drivers/STM32F4xx_HAL_Driver/Src/stm32f4xx_hal_cortex.o
 .debug_line    0x00009b07      0xbf8 ./Drivers/STM32F4xx_HAL_Driver/Src/stm32f4xx_hal_gpio.o
 .debug_line    0x0000a6ff      0xddd ./Drivers/STM32F4xx_HAL_Driver/Src/stm32f4xx_hal_rcc.o
 .debug_line    0x0000b4dc     0x1d1d ./Drivers/STM32F4xx_HAL_Driver/Src/stm32f4xx_hal_spi.o
 .debug_line    0x0000d1f9      0xc06 ./Drivers/STM32F4xx_HAL_Driver/Src/stm32f4xx_hal_sram.o
 .debug_line    0x0000ddff     0x377a ./Drivers/STM32F4xx_HAL_Driver/Src/stm32f4xx_hal_tim.o
 .debug_line    0x00011579     0x1a61 ./Drivers/STM32F4xx_HAL_Driver/Src/stm32f4xx_hal_tim_ex.o
 .debug_line    0x00012fda      0xc2f ./Drivers/STM32F4xx_HAL_Driver/Src/stm32f4xx_ll_fsmc.o

.debug_str      0x00000000    0xcd30e
 .debug_str     0x00000000    0xc5ff1 ./Core/Src/button.o
                              0xc62f4 (size before relaxing)
 .debug_str     0x000c5ff1     0x353d ./Core/Src/displayLightTraffic.o
                              0xc92e5 (size before relaxing)
 .debug_str     0x000c952e      0x3f5 ./Core/Src/fsmc.o
                              0xc64b9 (size before relaxing)
 .debug_str     0x000c9923       0x20 ./Core/Src/gpio.o
                              0xc5f67 (size before relaxing)
 .debug_str     0x000c9943      0x296 ./Core/Src/lcd.o
                              0xc951a (size before relaxing)
 .debug_str     0x000c9bd9       0x99 ./Core/Src/led_7seg.o
                              0xc6331 (size before relaxing)
 .debug_str     0x000c9c72      0x2a0 ./Core/Src/main.o
                              0xc9724 (size before relaxing)
 .debug_str     0x000c9f12      0x373 ./Core/Src/software_timer.o
                              0xc6451 (size before relaxing)
 .debug_str     0x000ca285       0x4b ./Core/Src/spi.o
                              0xc63f3 (size before relaxing)
 .debug_str     0x000ca2d0       0x2c ./Core/Src/stm32f4xx_hal_msp.o
                              0xc5e9c (size before relaxing)
 .debug_str     0x000ca2fc       0xec ./Core/Src/stm32f4xx_it.o
                              0xc6380 (size before relaxing)
 .debug_str     0x000ca3e8       0xdb ./Core/Src/system_stm32f4xx.o
                              0xc5d2a (size before relaxing)
 .debug_str     0x000ca4c3      0x653 ./Core/Src/tim.o
                              0xc6a71 (size before relaxing)
 .debug_str     0x000cab16       0xe1 ./Core/Src/trafficLight_fsm.o
                              0xc9407 (size before relaxing)
 .debug_str     0x000cabf7       0x44 ./Core/Startup/startup_stm32f407zetx.o
                                 0xf3 (size before relaxing)
 .debug_str     0x000cac3b      0x603 ./Drivers/STM32F4xx_HAL_Driver/Src/stm32f4xx_hal.o
                              0xc68ae (size before relaxing)
 .debug_str     0x000cb23e      0x32d ./Drivers/STM32F4xx_HAL_Driver/Src/stm32f4xx_hal_cortex.o
                              0xc65e1 (size before relaxing)
 .debug_str     0x000cb56b      0x109 ./Drivers/STM32F4xx_HAL_Driver/Src/stm32f4xx_hal_gpio.o
                              0xc5ea5 (size before relaxing)
 .debug_str     0x000cb674      0x233 ./Drivers/STM32F4xx_HAL_Driver/Src/stm32f4xx_hal_rcc.o
                              0xc615e (size before relaxing)
 .debug_str     0x000cb8a7      0x581 ./Drivers/STM32F4xx_HAL_Driver/Src/stm32f4xx_hal_spi.o
                              0xc65ee (size before relaxing)
 .debug_str     0x000cbe28      0x1a6 ./Drivers/STM32F4xx_HAL_Driver/Src/stm32f4xx_hal_sram.o
                              0xc62d1 (size before relaxing)
 .debug_str     0x000cbfce      0xda8 ./Drivers/STM32F4xx_HAL_Driver/Src/stm32f4xx_hal_tim.o
                              0xc70a4 (size before relaxing)
 .debug_str     0x000ccd76      0x493 ./Drivers/STM32F4xx_HAL_Driver/Src/stm32f4xx_hal_tim_ex.o
                              0xc68c0 (size before relaxing)
 .debug_str     0x000cd209      0x105 ./Drivers/STM32F4xx_HAL_Driver/Src/stm32f4xx_ll_fsmc.o
                              0xc60d9 (size before relaxing)

.comment        0x00000000       0x43
 .comment       0x00000000       0x43 ./Core/Src/button.o
                                 0x44 (size before relaxing)
 .comment       0x00000043       0x44 ./Core/Src/displayLightTraffic.o
 .comment       0x00000043       0x44 ./Core/Src/fsmc.o
 .comment       0x00000043       0x44 ./Core/Src/gpio.o
 .comment       0x00000043       0x44 ./Core/Src/lcd.o
 .comment       0x00000043       0x44 ./Core/Src/led_7seg.o
 .comment       0x00000043       0x44 ./Core/Src/main.o
 .comment       0x00000043       0x44 ./Core/Src/software_timer.o
 .comment       0x00000043       0x44 ./Core/Src/spi.o
 .comment       0x00000043       0x44 ./Core/Src/stm32f4xx_hal_msp.o
 .comment       0x00000043       0x44 ./Core/Src/stm32f4xx_it.o
 .comment       0x00000043       0x44 ./Core/Src/system_stm32f4xx.o
 .comment       0x00000043       0x44 ./Core/Src/tim.o
 .comment       0x00000043       0x44 ./Core/Src/trafficLight_fsm.o
 .comment       0x00000043       0x44 ./Drivers/STM32F4xx_HAL_Driver/Src/stm32f4xx_hal.o
 .comment       0x00000043       0x44 ./Drivers/STM32F4xx_HAL_Driver/Src/stm32f4xx_hal_cortex.o
 .comment       0x00000043       0x44 ./Drivers/STM32F4xx_HAL_Driver/Src/stm32f4xx_hal_gpio.o
 .comment       0x00000043       0x44 ./Drivers/STM32F4xx_HAL_Driver/Src/stm32f4xx_hal_rcc.o
 .comment       0x00000043       0x44 ./Drivers/STM32F4xx_HAL_Driver/Src/stm32f4xx_hal_spi.o
 .comment       0x00000043       0x44 ./Drivers/STM32F4xx_HAL_Driver/Src/stm32f4xx_hal_sram.o
 .comment       0x00000043       0x44 ./Drivers/STM32F4xx_HAL_Driver/Src/stm32f4xx_hal_tim.o
 .comment       0x00000043       0x44 ./Drivers/STM32F4xx_HAL_Driver/Src/stm32f4xx_hal_tim_ex.o
 .comment       0x00000043       0x44 ./Drivers/STM32F4xx_HAL_Driver/Src/stm32f4xx_ll_fsmc.o

.debug_frame    0x00000000     0x3d64
 .debug_frame   0x00000000       0x50 ./Core/Src/button.o
 .debug_frame   0x00000050      0x144 ./Core/Src/displayLightTraffic.o
 .debug_frame   0x00000194       0xbc ./Core/Src/fsmc.o
 .debug_frame   0x00000250       0x34 ./Core/Src/gpio.o
 .debug_frame   0x00000284      0x394 ./Core/Src/lcd.o
 .debug_frame   0x00000618       0xe8 ./Core/Src/led_7seg.o
 .debug_frame   0x00000700      0x13c ./Core/Src/main.o
 .debug_frame   0x0000083c       0xc8 ./Core/Src/software_timer.o
 .debug_frame   0x00000904       0x74 ./Core/Src/spi.o
 .debug_frame   0x00000978       0x38 ./Core/Src/stm32f4xx_hal_msp.o
 .debug_frame   0x000009b0      0x120 ./Core/Src/stm32f4xx_it.o
 .debug_frame   0x00000ad0       0x58 ./Core/Src/system_stm32f4xx.o
 .debug_frame   0x00000b28       0x7c ./Core/Src/tim.o
 .debug_frame   0x00000ba4       0x2c ./Core/Src/trafficLight_fsm.o
 .debug_frame   0x00000bd0      0x374 ./Drivers/STM32F4xx_HAL_Driver/Src/stm32f4xx_hal.o
 .debug_frame   0x00000f44      0x498 ./Drivers/STM32F4xx_HAL_Driver/Src/stm32f4xx_hal_cortex.o
 .debug_frame   0x000013dc      0x14c ./Drivers/STM32F4xx_HAL_Driver/Src/stm32f4xx_hal_gpio.o
 .debug_frame   0x00001528      0x1f4 ./Drivers/STM32F4xx_HAL_Driver/Src/stm32f4xx_hal_rcc.o
 .debug_frame   0x0000171c      0x824 ./Drivers/STM32F4xx_HAL_Driver/Src/stm32f4xx_hal_spi.o
 .debug_frame   0x00001f40      0x2a0 ./Drivers/STM32F4xx_HAL_Driver/Src/stm32f4xx_hal_sram.o
 .debug_frame   0x000021e0     0x11c4 ./Drivers/STM32F4xx_HAL_Driver/Src/stm32f4xx_hal_tim.o
 .debug_frame   0x000033a4      0x638 ./Drivers/STM32F4xx_HAL_Driver/Src/stm32f4xx_hal_tim_ex.o
 .debug_frame   0x000039dc      0x2dc ./Drivers/STM32F4xx_HAL_Driver/Src/stm32f4xx_ll_fsmc.o
 .debug_frame   0x00003cb8       0x20 C:/ST/STM32CubeIDE_1.16.1/STM32CubeIDE/plugins/com.st.stm32cube.ide.mcu.externaltools.gnu-tools-for-stm32.12.3.rel1.win32_1.0.200.202406191623/tools/bin/../lib/gcc/arm-none-eabi/12.3.1/../../../../arm-none-eabi/lib/thumb/v7e-m+fp/hard\libc_nano.a(libc_a-memset.o)
 .debug_frame   0x00003cd8       0x2c C:/ST/STM32CubeIDE_1.16.1/STM32CubeIDE/plugins/com.st.stm32cube.ide.mcu.externaltools.gnu-tools-for-stm32.12.3.rel1.win32_1.0.200.202406191623/tools/bin/../lib/gcc/arm-none-eabi/12.3.1/../../../../arm-none-eabi/lib/thumb/v7e-m+fp/hard\libc_nano.a(libc_a-init.o)
 .debug_frame   0x00003d04       0x2c C:/ST/STM32CubeIDE_1.16.1/STM32CubeIDE/plugins/com.st.stm32cube.ide.mcu.externaltools.gnu-tools-for-stm32.12.3.rel1.win32_1.0.200.202406191623/tools/bin/../lib/gcc/arm-none-eabi/12.3.1/thumb/v7e-m+fp/hard\libgcc.a(_aeabi_uldivmod.o)
 .debug_frame   0x00003d30       0x34 C:/ST/STM32CubeIDE_1.16.1/STM32CubeIDE/plugins/com.st.stm32cube.ide.mcu.externaltools.gnu-tools-for-stm32.12.3.rel1.win32_1.0.200.202406191623/tools/bin/../lib/gcc/arm-none-eabi/12.3.1/thumb/v7e-m+fp/hard\libgcc.a(_udivmoddi4.o)

.debug_line_str
                0x00000000       0xd7
 .debug_line_str
                0x00000000       0xd7 ./Core/Startup/startup_stm32f407zetx.o
